Setting MAV_SYSID=7
Suggested EK3_DRAG_BCOEF_* = 17.209, EK3_DRAG_MCOEF = 0.209
Home: 13.007470 80.268041 alt=5.000000m hdg=0.000000
Starting sketch 'ArduPlane'
Starting SITL input
Using Irlock at port : 9065
Using \clock topic for DDS timing: disabled
bind port 6270 for SERIAL0
SERIAL0 on TCP port 6270
Waiting for connection ....
Connection on serial port 6270
Loaded defaults from @ROMFS/default_params/quadplane.parm
bind port 6272 for SERIAL1
SERIAL1 on TCP port 6272
bind port 6273 for SERIAL2
SERIAL2 on TCP port 6273
Loaded defaults from @ROMFS/default_params/quadplane.parm
Smoothing reset at 0.001
validate_structures:538: Validating structures
Waiting for internal clock bits to be set (current=0x00)
Loaded defaults from @ROMFS/default_params/quadplane.parm
Loaded defaults from @ROMFS/default_params/quadplane.parm
Loaded defaults from @ROMFS/default_params/quadplane.parm
Loaded defaults from @ROMFS/default_params/quadplane.parm
Loaded defaults from @ROMFS/default_params/quadplane.parm
Closed connection on SERIAL0
