167 INFO: PyInstaller: 6.22.2, contrib hooks: 2026.7
184 INFO: Python: 3.8.10
218 INFO: Platform: Windows-10-10.0.26200-SP0
218 INFO: Python environment: C:\Users\Joel\Desktop\Fixedwing-Swarm\fixed_wing_windows_exe\swarm_tasks\Examples\basic_tasks\venv
218 INFO: Removing temporary files and cleaning cache in C:\Users\Joel\AppData\Local\pyinstaller
251 WARNING: Failed to collect submodules for 'dronekit.test' because importing 'dronekit.test' raised: ModuleNotFoundError: No module named 'dronekit_sitl'
3404 INFO: Module search paths (PYTHONPATH):
['C:\\Users\\Joel\\Desktop\\Fixedwing-Swarm\\fixed_wing_windows_exe',
 'C:\\Users\\Joel\\AppData\\Local\\Programs\\Python\\Python38\\python38.zip',
 'C:\\Users\\Joel\\AppData\\Local\\Programs\\Python\\Python38\\DLLs',
 'C:\\Users\\Joel\\AppData\\Local\\Programs\\Python\\Python38\\lib',
 'C:\\Users\\Joel\\AppData\\Local\\Programs\\Python\\Python38',
 'C:\\Users\\Joel\\Desktop\\Fixedwing-Swarm\\fixed_wing_windows_exe\\swarm_tasks\\Examples\\basic_tasks\\venv',
 'C:\\Users\\Joel\\Desktop\\Fixedwing-Swarm\\fixed_wing_windows_exe\\swarm_tasks\\Examples\\basic_tasks\\venv\\lib\\site-packages',
 'C:\\Users\\Joel\\Desktop\\Fixedwing-Swarm\\fixed_wing_windows_exe\\swarm_tasks\\Examples\\basic_tasks\\venv\\lib\\site-packages\\win32',
 'C:\\Users\\Joel\\Desktop\\Fixedwing-Swarm\\fixed_wing_windows_exe\\swarm_tasks\\Examples\\basic_tasks\\venv\\lib\\site-packages\\win32\\lib',
 'C:\\Users\\Joel\\Desktop\\Fixedwing-Swarm\\fixed_wing_windows_exe\\swarm_tasks\\Examples\\basic_tasks\\venv\\lib\\site-packages\\Pythonwin',
 'C:\\Users\\Joel\\Desktop\\Fixedwing-Swarm\\fixed_wing_windows_exe\\swarm_tasks\\Examples\\basic_tasks',
 'C:\\Users\\Joel\\Desktop\\Fixedwing-Swarm\\fixed_wing_windows_exe']
3921 INFO: Appending 'datas' from .spec
3985 INFO: checking Analysis
3985 INFO: Building Analysis because Analysis-00.toc is non existent
3985 INFO: Looking for Python shared library...
3985 INFO: Using Python shared library: C:\Users\Joel\AppData\Local\Programs\Python\Python38\python38.dll
3985 INFO: Running Analysis Analysis-00.toc
3985 INFO: Target bytecode optimization level: 0
3985 INFO: Initializing module dependency graph...
3985 INFO: Initializing module graph hook caches...
4001 INFO: Analyzing modules for base_library.zip ...
4840 INFO: Processing standard module hook 'hook-heapq.py' from 'C:\\Users\\Joel\\Desktop\\Fixedwing-Swarm\\fixed_wing_windows_exe\\swarm_tasks\\Examples\\basic_tasks\\venv\\lib\\site-packages\\PyInstaller\\hooks'
5055 INFO: Processing standard module hook 'hook-encodings.py' from 'C:\\Users\\Joel\\Desktop\\Fixedwing-Swarm\\fixed_wing_windows_exe\\swarm_tasks\\Examples\\basic_tasks\\venv\\lib\\site-packages\\PyInstaller\\hooks'
5543 INFO: Processing standard module hook 'hook-math.py' from 'C:\\Users\\Joel\\Desktop\\Fixedwing-Swarm\\fixed_wing_windows_exe\\swarm_tasks\\Examples\\basic_tasks\\venv\\lib\\site-packages\\PyInstaller\\hooks'
6161 INFO: Processing standard module hook 'hook-pickle.py' from 'C:\\Users\\Joel\\Desktop\\Fixedwing-Swarm\\fixed_wing_windows_exe\\swarm_tasks\\Examples\\basic_tasks\\venv\\lib\\site-packages\\PyInstaller\\hooks'
6949 INFO: Caching module dependency graph...
7005 INFO: Analyzing C:\Users\Joel\Desktop\Fixedwing-Swarm\fixed_wing_windows_exe\swarm_tasks\Examples\basic_tasks\vtol_demo.py
7168 INFO: Processing standard module hook 'hook-numpy.py' from 'C:\\Users\\Joel\\Desktop\\Fixedwing-Swarm\\fixed_wing_windows_exe\\swarm_tasks\\Examples\\basic_tasks\\venv\\lib\\site-packages\\PyInstaller\\hooks'
7802 INFO: Processing standard module hook 'hook-multiprocessing.util.py' from 'C:\\Users\\Joel\\Desktop\\Fixedwing-Swarm\\fixed_wing_windows_exe\\swarm_tasks\\Examples\\basic_tasks\\venv\\lib\\site-packages\\PyInstaller\\hooks'
8084 INFO: Processing standard module hook 'hook-xml.py' from 'C:\\Users\\Joel\\Desktop\\Fixedwing-Swarm\\fixed_wing_windows_exe\\swarm_tasks\\Examples\\basic_tasks\\venv\\lib\\site-packages\\PyInstaller\\hooks'
8251 INFO: Processing standard module hook 'hook-_ctypes.py' from 'C:\\Users\\Joel\\Desktop\\Fixedwing-Swarm\\fixed_wing_windows_exe\\swarm_tasks\\Examples\\basic_tasks\\venv\\lib\\site-packages\\PyInstaller\\hooks'
8633 INFO: Processing standard module hook 'hook-difflib.py' from 'C:\\Users\\Joel\\Desktop\\Fixedwing-Swarm\\fixed_wing_windows_exe\\swarm_tasks\\Examples\\basic_tasks\\venv\\lib\\site-packages\\PyInstaller\\hooks'
8768 INFO: Processing standard module hook 'hook-platform.py' from 'C:\\Users\\Joel\\Desktop\\Fixedwing-Swarm\\fixed_wing_windows_exe\\swarm_tasks\\Examples\\basic_tasks\\venv\\lib\\site-packages\\PyInstaller\\hooks'
9001 INFO: Processing standard module hook 'hook-sysconfig.py' from 'C:\\Users\\Joel\\Desktop\\Fixedwing-Swarm\\fixed_wing_windows_exe\\swarm_tasks\\Examples\\basic_tasks\\venv\\lib\\site-packages\\PyInstaller\\hooks'
9114 INFO: Processing standard module hook 'hook-webbrowser.py' from 'C:\\Users\\Joel\\Desktop\\Fixedwing-Swarm\\fixed_wing_windows_exe\\swarm_tasks\\Examples\\basic_tasks\\venv\\lib\\site-packages\\PyInstaller\\hooks'
10154 INFO: Processing standard module hook 'hook-scipy.py' from 'C:\\Users\\Joel\\Desktop\\Fixedwing-Swarm\\fixed_wing_windows_exe\\swarm_tasks\\Examples\\basic_tasks\\venv\\lib\\site-packages\\PyInstaller\\hooks'
10452 INFO: Processing standard module hook 'hook-scipy.special._ufuncs.py' from 'C:\\Users\\Joel\\Desktop\\Fixedwing-Swarm\\fixed_wing_windows_exe\\swarm_tasks\\Examples\\basic_tasks\\venv\\lib\\site-packages\\PyInstaller\\hooks'
10735 INFO: Processing standard module hook 'hook-scipy.sparse.csgraph.py' from 'C:\\Users\\Joel\\Desktop\\Fixedwing-Swarm\\fixed_wing_windows_exe\\swarm_tasks\\Examples\\basic_tasks\\venv\\lib\\site-packages\\PyInstaller\\hooks'
10819 INFO: Processing standard module hook 'hook-scipy.linalg.py' from 'C:\\Users\\Joel\\Desktop\\Fixedwing-Swarm\\fixed_wing_windows_exe\\swarm_tasks\\Examples\\basic_tasks\\venv\\lib\\site-packages\\PyInstaller\\hooks'
11269 INFO: Processing standard module hook 'hook-scipy.special._ellip_harm_2.py' from 'C:\\Users\\Joel\\Desktop\\Fixedwing-Swarm\\fixed_wing_windows_exe\\swarm_tasks\\Examples\\basic_tasks\\venv\\lib\\site-packages\\PyInstaller\\hooks'
12070 INFO: Processing standard module hook 'hook-scipy.spatial._ckdtree.py' from 'C:\\Users\\Joel\\Desktop\\Fixedwing-Swarm\\fixed_wing_windows_exe\\swarm_tasks\\Examples\\basic_tasks\\venv\\lib\\site-packages\\PyInstaller\\hooks'
12103 INFO: Processing pre-safe-import-module hook 'hook-typing_extensions.py' from 'C:\\Users\\Joel\\Desktop\\Fixedwing-Swarm\\fixed_wing_windows_exe\\swarm_tasks\\Examples\\basic_tasks\\venv\\lib\\site-packages\\PyInstaller\\hooks\\pre_safe_import_module'
12103 INFO: SetuptoolsInfo: initializing cached setuptools info...
12646 INFO: Processing standard module hook 'hook-matplotlib.py' from 'C:\\Users\\Joel\\Desktop\\Fixedwing-Swarm\\fixed_wing_windows_exe\\swarm_tasks\\Examples\\basic_tasks\\venv\\lib\\site-packages\\PyInstaller\\hooks'
13101 INFO: Processing pre-safe-import-module hook 'hook-packaging.py' from 'C:\\Users\\Joel\\Desktop\\Fixedwing-Swarm\\fixed_wing_windows_exe\\swarm_tasks\\Examples\\basic_tasks\\venv\\lib\\site-packages\\PyInstaller\\hooks\\pre_safe_import_module'
13204 INFO: Processing pre-safe-import-module hook 'hook-gi.py' from 'C:\\Users\\Joel\\Desktop\\Fixedwing-Swarm\\fixed_wing_windows_exe\\swarm_tasks\\Examples\\basic_tasks\\venv\\lib\\site-packages\\PyInstaller\\hooks\\pre_safe_import_module'
13351 INFO: Processing standard module hook 'hook-PIL.py' from 'C:\\Users\\Joel\\Desktop\\Fixedwing-Swarm\\fixed_wing_windows_exe\\swarm_tasks\\Examples\\basic_tasks\\venv\\lib\\site-packages\\PyInstaller\\hooks'
13443 INFO: Processing standard module hook 'hook-PIL.Image.py' from 'C:\\Users\\Joel\\Desktop\\Fixedwing-Swarm\\fixed_wing_windows_exe\\swarm_tasks\\Examples\\basic_tasks\\venv\\lib\\site-packages\\PyInstaller\\hooks'
14260 INFO: Processing standard module hook 'hook-PIL.ImageFilter.py' from 'C:\\Users\\Joel\\Desktop\\Fixedwing-Swarm\\fixed_wing_windows_exe\\swarm_tasks\\Examples\\basic_tasks\\venv\\lib\\site-packages\\PyInstaller\\hooks'
15010 INFO: Processing standard module hook 'hook-matplotlib.pyplot.py' from 'C:\\Users\\Joel\\Desktop\\Fixedwing-Swarm\\fixed_wing_windows_exe\\swarm_tasks\\Examples\\basic_tasks\\venv\\lib\\site-packages\\PyInstaller\\hooks'
15669 INFO: Processing standard module hook 'hook-matplotlib.backend_bases.py' from 'C:\\Users\\Joel\\Desktop\\Fixedwing-Swarm\\fixed_wing_windows_exe\\swarm_tasks\\Examples\\basic_tasks\\venv\\lib\\site-packages\\PyInstaller\\hooks'
16120 INFO: Processing standard module hook 'hook-matplotlib.figure.py' from 'C:\\Users\\Joel\\Desktop\\Fixedwing-Swarm\\fixed_wing_windows_exe\\swarm_tasks\\Examples\\basic_tasks\\venv\\lib\\site-packages\\PyInstaller\\hooks'
16337 INFO: Processing standard module hook 'hook-dateutil.py' from 'C:\\Users\\Joel\\Desktop\\Fixedwing-Swarm\\fixed_wing_windows_exe\\swarm_tasks\\Examples\\basic_tasks\\venv\\lib\\site-packages\\_pyinstaller_hooks_contrib\\stdhooks'
16621 INFO: Processing pre-safe-import-module hook 'hook-six.moves.py' from 'C:\\Users\\Joel\\Desktop\\Fixedwing-Swarm\\fixed_wing_windows_exe\\swarm_tasks\\Examples\\basic_tasks\\venv\\lib\\site-packages\\PyInstaller\\hooks\\pre_safe_import_module'
17548 INFO: Processing standard module hook 'hook-matplotlib.backends.py' from 'C:\\Users\\Joel\\Desktop\\Fixedwing-Swarm\\fixed_wing_windows_exe\\swarm_tasks\\Examples\\basic_tasks\\venv\\lib\\site-packages\\PyInstaller\\hooks'
17655 INFO: Processing pre-safe-import-module hook 'hook-importlib_resources.py' from 'C:\\Users\\Joel\\Desktop\\Fixedwing-Swarm\\fixed_wing_windows_exe\\swarm_tasks\\Examples\\basic_tasks\\venv\\lib\\site-packages\\PyInstaller\\hooks\\pre_safe_import_module'
17657 INFO: Processing standard module hook 'hook-importlib_resources.py' from 'C:\\Users\\Joel\\Desktop\\Fixedwing-Swarm\\fixed_wing_windows_exe\\swarm_tasks\\Examples\\basic_tasks\\venv\\lib\\site-packages\\PyInstaller\\hooks'
17669 INFO: Processing pre-safe-import-module hook 'hook-zipp.py' from 'C:\\Users\\Joel\\Desktop\\Fixedwing-Swarm\\fixed_wing_windows_exe\\swarm_tasks\\Examples\\basic_tasks\\venv\\lib\\site-packages\\PyInstaller\\hooks\\pre_safe_import_module'
17757 INFO: Processing standard module hook 'hook-scipy.spatial.transform.rotation.py' from 'C:\\Users\\Joel\\Desktop\\Fixedwing-Swarm\\fixed_wing_windows_exe\\swarm_tasks\\Examples\\basic_tasks\\venv\\lib\\site-packages\\PyInstaller\\hooks'
18442 INFO: Processing standard module hook 'hook-scipy.stats._stats.py' from 'C:\\Users\\Joel\\Desktop\\Fixedwing-Swarm\\fixed_wing_windows_exe\\swarm_tasks\\Examples\\basic_tasks\\venv\\lib\\site-packages\\PyInstaller\\hooks'
19185 INFO: Processing standard module hook 'hook-shapely.py' from 'C:\\Users\\Joel\\Desktop\\Fixedwing-Swarm\\fixed_wing_windows_exe\\swarm_tasks\\Examples\\basic_tasks\\venv\\lib\\site-packages\\_pyinstaller_hooks_contrib\\stdhooks'
19309 INFO: Processing standard module hook 'hook-pandas.py' from 'C:\\Users\\Joel\\Desktop\\Fixedwing-Swarm\\fixed_wing_windows_exe\\swarm_tasks\\Examples\\basic_tasks\\venv\\lib\\site-packages\\PyInstaller\\hooks'
20738 INFO: Processing standard module hook 'hook-pytz.py' from 'C:\\Users\\Joel\\Desktop\\Fixedwing-Swarm\\fixed_wing_windows_exe\\swarm_tasks\\Examples\\basic_tasks\\venv\\lib\\site-packages\\PyInstaller\\hooks'
22804 INFO: Processing standard module hook 'hook-pandas.io.formats.style.py' from 'C:\\Users\\Joel\\Desktop\\Fixedwing-Swarm\\fixed_wing_windows_exe\\swarm_tasks\\Examples\\basic_tasks\\venv\\lib\\site-packages\\PyInstaller\\hooks'
25350 INFO: Processing standard module hook 'hook-pandas.plotting.py' from 'C:\\Users\\Joel\\Desktop\\Fixedwing-Swarm\\fixed_wing_windows_exe\\swarm_tasks\\Examples\\basic_tasks\\venv\\lib\\site-packages\\PyInstaller\\hooks'
26671 INFO: Processing standard module hook 'hook-sqlite3.py' from 'C:\\Users\\Joel\\Desktop\\Fixedwing-Swarm\\fixed_wing_windows_exe\\swarm_tasks\\Examples\\basic_tasks\\venv\\lib\\site-packages\\PyInstaller\\hooks'
27092 INFO: Processing standard module hook 'hook-pandas.io.clipboard.py' from 'C:\\Users\\Joel\\Desktop\\Fixedwing-Swarm\\fixed_wing_windows_exe\\swarm_tasks\\Examples\\basic_tasks\\venv\\lib\\site-packages\\PyInstaller\\hooks'
27338 INFO: Processing standard module hook 'hook-xml.etree.cElementTree.py' from 'C:\\Users\\Joel\\Desktop\\Fixedwing-Swarm\\fixed_wing_windows_exe\\swarm_tasks\\Examples\\basic_tasks\\venv\\lib\\site-packages\\PyInstaller\\hooks'
27359 INFO: Processing standard module hook 'hook-lxml.py' from 'C:\\Users\\Joel\\Desktop\\Fixedwing-Swarm\\fixed_wing_windows_exe\\swarm_tasks\\Examples\\basic_tasks\\venv\\lib\\site-packages\\_pyinstaller_hooks_contrib\\stdhooks'
27787 INFO: Processing standard module hook 'hook-lxml.etree.py' from 'C:\\Users\\Joel\\Desktop\\Fixedwing-Swarm\\fixed_wing_windows_exe\\swarm_tasks\\Examples\\basic_tasks\\venv\\lib\\site-packages\\_pyinstaller_hooks_contrib\\stdhooks'
27810 INFO: Processing standard module hook 'hook-xml.dom.domreg.py' from 'C:\\Users\\Joel\\Desktop\\Fixedwing-Swarm\\fixed_wing_windows_exe\\swarm_tasks\\Examples\\basic_tasks\\venv\\lib\\site-packages\\PyInstaller\\hooks'
30653 INFO: Processing pre-safe-import-module hook 'hook-win32com.py' from 'C:\\Users\\Joel\\Desktop\\Fixedwing-Swarm\\fixed_wing_windows_exe\\swarm_tasks\\Examples\\basic_tasks\\venv\\lib\\site-packages\\_pyinstaller_hooks_contrib\\pre_safe_import_module'
30826 INFO: Processing standard module hook 'hook-win32com.py' from 'C:\\Users\\Joel\\Desktop\\Fixedwing-Swarm\\fixed_wing_windows_exe\\swarm_tasks\\Examples\\basic_tasks\\venv\\lib\\site-packages\\_pyinstaller_hooks_contrib\\stdhooks'
30828 INFO: Processing standard module hook 'hook-pythoncom.py' from 'C:\\Users\\Joel\\Desktop\\Fixedwing-Swarm\\fixed_wing_windows_exe\\swarm_tasks\\Examples\\basic_tasks\\venv\\lib\\site-packages\\_pyinstaller_hooks_contrib\\stdhooks'
30969 INFO: Processing standard module hook 'hook-pywintypes.py' from 'C:\\Users\\Joel\\Desktop\\Fixedwing-Swarm\\fixed_wing_windows_exe\\swarm_tasks\\Examples\\basic_tasks\\venv\\lib\\site-packages\\_pyinstaller_hooks_contrib\\stdhooks'
31599 INFO: Analyzing hidden import 'swarm_tasks.modules.formations.line'
31611 ERROR: Hidden import 'swarm_tasks.modules.formations.line' not found
31611 INFO: Analyzing hidden import 'swarm_tasks.modules.formations.circle'
31613 ERROR: Hidden import 'swarm_tasks.modules.formations.circle' not found
31613 INFO: Analyzing hidden import 'mavproxy'
31615 ERROR: Hidden import 'mavproxy' not found
31616 INFO: Analyzing hidden import 'dronekit.lib'
31618 INFO: Analyzing hidden import 'pymavlink.dialects.v10.ASLUAV'
32120 INFO: Analyzing hidden import 'pymavlink.dialects.v10.autoquad'
32705 INFO: Analyzing hidden import 'pymavlink.dialects.v10.common'
33302 INFO: Analyzing hidden import 'pymavlink.dialects.v10.icarous'
33338 INFO: Analyzing hidden import 'pymavlink.dialects.v10.matrixpilot'
33918 INFO: Analyzing hidden import 'pymavlink.dialects.v10.minimal'
33967 INFO: Analyzing hidden import 'pymavlink.dialects.v10.paparazzi'
34502 INFO: Analyzing hidden import 'pymavlink.dialects.v10.python_array_test'
35069 INFO: Analyzing hidden import 'pymavlink.dialects.v10.slugs'
35683 INFO: Analyzing hidden import 'pymavlink.dialects.v10.standard'
36303 INFO: Analyzing hidden import 'pymavlink.dialects.v10.test'
36341 INFO: Analyzing hidden import 'pymavlink.dialects.v10.uAvionix'
36369 INFO: Analyzing hidden import 'pymavlink.dialects.v10.ualberta'
36965 INFO: Analyzing hidden import 'pymavlink.dialects.v20'
36978 INFO: Analyzing hidden import 'pymavlink.dialects.v20.ASLUAV'
37634 INFO: Analyzing hidden import 'pymavlink.dialects.v20.ardupilotmega'
38402 INFO: Analyzing hidden import 'pymavlink.dialects.v20.autoquad'
39216 INFO: Analyzing hidden import 'pymavlink.dialects.v20.common'
39888 INFO: Analyzing hidden import 'pymavlink.dialects.v20.icarous'
39919 INFO: Analyzing hidden import 'pymavlink.dialects.v20.matrixpilot'
40654 INFO: Analyzing hidden import 'pymavlink.dialects.v20.minimal'
40707 INFO: Analyzing hidden import 'pymavlink.dialects.v20.paparazzi'
41403 INFO: Analyzing hidden import 'pymavlink.dialects.v20.python_array_test'
42105 INFO: Analyzing hidden import 'pymavlink.dialects.v20.slugs'
42841 INFO: Analyzing hidden import 'pymavlink.dialects.v20.standard'
43437 INFO: Analyzing hidden import 'pymavlink.dialects.v20.test'
43504 INFO: Analyzing hidden import 'pymavlink.dialects.v20.uAvionix'
43520 INFO: Analyzing hidden import 'pymavlink.dialects.v20.ualberta'
44214 INFO: Analyzing hidden import 'pymavlink.fgFDM'
44230 INFO: Analyzing hidden import 'pymavlink.generator.mavtestgen'
44236 INFO: Analyzing hidden import 'pymavlink.mavparm'
44246 INFO: Analyzing hidden import 'lxml.ElementInclude'
44252 INFO: Analyzing hidden import 'lxml._elementpath'
44254 INFO: Analyzing hidden import 'lxml.builder'
44262 INFO: Analyzing hidden import 'lxml.doctestcompare'
44278 INFO: Analyzing hidden import 'lxml.html.ElementSoup'
44287 INFO: Analyzing hidden import 'lxml.html._diffcommand'
44312 INFO: Analyzing hidden import 'lxml.html._html5builder'
44319 INFO: Analyzing hidden import 'lxml.html.builder'
44324 INFO: Analyzing hidden import 'lxml.html.clean'
44337 INFO: Analyzing hidden import 'lxml.html.formfill'
44352 INFO: Analyzing hidden import 'lxml.html.html5parser'
44352 INFO: Analyzing hidden import 'lxml.html.usedoctest'
44352 INFO: Analyzing hidden import 'lxml.includes'
44352 INFO: Analyzing hidden import 'lxml.includes.extlibs'
44352 INFO: Analyzing hidden import 'lxml.includes.libexslt'
44352 INFO: Analyzing hidden import 'lxml.includes.libxml'
44352 INFO: Analyzing hidden import 'lxml.includes.libxslt'
44352 INFO: Analyzing hidden import 'lxml.isoschematron'
44369 INFO: Processing standard module hook 'hook-lxml.isoschematron.py' from 'C:\\Users\\Joel\\Desktop\\Fixedwing-Swarm\\fixed_wing_windows_exe\\swarm_tasks\\Examples\\basic_tasks\\venv\\lib\\site-packages\\_pyinstaller_hooks_contrib\\stdhooks'
44383 INFO: Analyzing hidden import 'lxml.objectify'
44383 INFO: Analyzing hidden import 'lxml.pyclasslookup'
44386 INFO: Analyzing hidden import 'lxml.sax'
44393 INFO: Analyzing hidden import 'lxml.usedoctest'
44395 INFO: Analyzing hidden import 'shapely._geos'
44397 INFO: Analyzing hidden import 'shapely.geometry.conftest'
44397 INFO: Analyzing hidden import 'shapely.geos'
44399 INFO: Analyzing hidden import 'shapely.plotting'
44405 INFO: Analyzing hidden import 'shapely.speedups'
44407 INFO: Analyzing hidden import 'shapely.testing'
44411 INFO: Analyzing hidden import 'shapely.tests'
44411 INFO: Analyzing hidden import 'shapely.tests.common'
44417 INFO: Analyzing hidden import 'shapely.tests.geometry'
44417 INFO: Analyzing hidden import 'shapely.tests.geometry.test_collection'
44419 INFO: Analyzing hidden import 'shapely.tests.geometry.test_coords'
44419 INFO: Analyzing hidden import 'shapely.tests.geometry.test_decimal'
44419 INFO: Analyzing hidden import 'shapely.tests.geometry.test_emptiness'
44436 INFO: Analyzing hidden import 'shapely.tests.geometry.test_equality'
44445 INFO: Analyzing hidden import 'shapely.tests.geometry.test_format'
44449 INFO: Analyzing hidden import 'shapely.tests.geometry.test_geometry_base'
44452 INFO: Analyzing hidden import 'shapely.tests.geometry.test_hash'
44459 INFO: Analyzing hidden import 'shapely.tests.geometry.test_linestring'
44465 INFO: Analyzing hidden import 'shapely.tests.geometry.test_multi'
44465 INFO: Analyzing hidden import 'shapely.tests.geometry.test_multilinestring'
44469 INFO: Analyzing hidden import 'shapely.tests.geometry.test_multipoint'
44469 INFO: Analyzing hidden import 'shapely.tests.geometry.test_multipolygon'
44469 INFO: Analyzing hidden import 'shapely.tests.geometry.test_point'
44469 INFO: Analyzing hidden import 'shapely.tests.geometry.test_polygon'
44492 INFO: Analyzing hidden import 'shapely.tests.legacy'
44495 INFO: Analyzing hidden import 'shapely.tests.legacy.conftest'
44497 INFO: Analyzing hidden import 'shapely.tests.legacy.test_affinity'
44499 INFO: Analyzing hidden import 'shapely.tests.legacy.test_box'
44504 INFO: Analyzing hidden import 'shapely.tests.legacy.test_buffer'
44511 INFO: Analyzing hidden import 'shapely.tests.legacy.test_cga'
44513 INFO: Analyzing hidden import 'shapely.tests.legacy.test_clip_by_rect'
44515 INFO: Analyzing hidden import 'shapely.tests.legacy.test_create_inconsistent_dimensionality'
44519 INFO: Analyzing hidden import 'shapely.tests.legacy.test_delaunay'
44519 INFO: Analyzing hidden import 'shapely.tests.legacy.test_empty_polygons'
44523 INFO: Analyzing hidden import 'shapely.tests.legacy.test_equality'
44524 INFO: Analyzing hidden import 'shapely.tests.legacy.test_geointerface'
44526 INFO: Analyzing hidden import 'shapely.tests.legacy.test_invalid_geometries'
44528 INFO: Analyzing hidden import 'shapely.tests.legacy.test_linear_referencing'
44531 INFO: Analyzing hidden import 'shapely.tests.legacy.test_linemerge'
44531 INFO: Analyzing hidden import 'shapely.tests.legacy.test_locale'
44531 INFO: Analyzing hidden import 'shapely.tests.legacy.test_make_valid'
44531 INFO: Analyzing hidden import 'shapely.tests.legacy.test_mapping'
44540 INFO: Analyzing hidden import 'shapely.tests.legacy.test_minimum_clearance'
44540 INFO: Analyzing hidden import 'shapely.tests.legacy.test_ndarrays'
44540 INFO: Analyzing hidden import 'shapely.tests.legacy.test_nearest'
44540 INFO: Analyzing hidden import 'shapely.tests.legacy.test_operations'
44540 INFO: Analyzing hidden import 'shapely.tests.legacy.test_operators'
44548 INFO: Analyzing hidden import 'shapely.tests.legacy.test_orient'
44554 INFO: Analyzing hidden import 'shapely.tests.legacy.test_parallel_offset'
44554 INFO: Analyzing hidden import 'shapely.tests.legacy.test_persist'
44554 INFO: Analyzing hidden import 'shapely.tests.legacy.test_pickle'
44563 INFO: Analyzing hidden import 'shapely.tests.legacy.test_polygonize'
44570 INFO: Analyzing hidden import 'shapely.tests.legacy.test_polylabel'
44570 INFO: Analyzing hidden import 'shapely.tests.legacy.test_predicates'
44570 INFO: Analyzing hidden import 'shapely.tests.legacy.test_prepared'
44581 INFO: Analyzing hidden import 'shapely.tests.legacy.test_products_z'
44581 INFO: Analyzing hidden import 'shapely.tests.legacy.test_shape'
44583 INFO: Analyzing hidden import 'shapely.tests.legacy.test_shared_paths'
44587 INFO: Analyzing hidden import 'shapely.tests.legacy.test_singularity'
44587 INFO: Analyzing hidden import 'shapely.tests.legacy.test_snap'
44589 INFO: Analyzing hidden import 'shapely.tests.legacy.test_split'
44596 INFO: Analyzing hidden import 'shapely.tests.legacy.test_substring'
44609 INFO: Analyzing hidden import 'shapely.tests.legacy.test_svg'
44615 INFO: Analyzing hidden import 'shapely.tests.legacy.test_transform'
44619 INFO: Analyzing hidden import 'shapely.tests.legacy.test_union'
44622 INFO: Analyzing hidden import 'shapely.tests.legacy.test_validation'
44624 INFO: Analyzing hidden import 'shapely.tests.legacy.test_vectorized'
44624 INFO: Analyzing hidden import 'shapely.tests.legacy.test_voronoi_diagram'
44636 INFO: Analyzing hidden import 'shapely.tests.legacy.test_wkb'
44636 INFO: Analyzing hidden import 'shapely.tests.legacy.test_wkt'
44636 INFO: Analyzing hidden import 'shapely.tests.legacy.threading_test'
44636 INFO: Analyzing hidden import 'shapely.tests.test_constructive'
44678 INFO: Analyzing hidden import 'shapely.tests.test_coordinates'
44689 INFO: Analyzing hidden import 'shapely.tests.test_creation'
44705 INFO: Analyzing hidden import 'shapely.tests.test_creation_indices'
44721 INFO: Analyzing hidden import 'shapely.tests.test_geometry'
44770 INFO: Analyzing hidden import 'shapely.tests.test_io'
44788 INFO: Analyzing hidden import 'shapely.tests.test_linear'
44802 INFO: Analyzing hidden import 'shapely.tests.test_measurement'
44811 INFO: Analyzing hidden import 'shapely.tests.test_misc'
44885 INFO: Analyzing hidden import 'shapely.tests.test_plotting'
44885 INFO: Analyzing hidden import 'shapely.tests.test_predicates'
44904 INFO: Analyzing hidden import 'shapely.tests.test_ragged_array'
44904 INFO: Analyzing hidden import 'shapely.tests.test_set_operations'
44929 INFO: Analyzing hidden import 'shapely.tests.test_strtree'
45000 INFO: Analyzing hidden import 'shapely.tests.test_testing'
45006 INFO: Processing module hooks (post-graph stage)...
45006 INFO: Processing standard module hook 'hook-lxml.objectify.py' from 'C:\\Users\\Joel\\Desktop\\Fixedwing-Swarm\\fixed_wing_windows_exe\\swarm_tasks\\Examples\\basic_tasks\\venv\\lib\\site-packages\\_pyinstaller_hooks_contrib\\stdhooks'
45057 WARNING: Hidden import "importlib_resources.trees" not found!
45057 INFO: Processing standard module hook 'hook-matplotlib.backends.py' from 'C:\\Users\\Joel\\Desktop\\Fixedwing-Swarm\\fixed_wing_windows_exe\\swarm_tasks\\Examples\\basic_tasks\\venv\\lib\\site-packages\\PyInstaller\\hooks'
45059 INFO: Matplotlib backend selection method: automatic discovery of used backends
45448 INFO: Trying determine the default backend as first importable candidate from the list: ['QtAgg', 'Qt5Agg', 'Gtk4Agg', 'Gtk3Agg', 'TkAgg', 'WxAgg']
48037 INFO: Selected matplotlib backends: ['TkAgg']
48050 INFO: Extra dists for selected matplotlib backends: []
48115 INFO: Processing pre-find-module-path hook 'hook-tkinter.py' from 'C:\\Users\\Joel\\Desktop\\Fixedwing-Swarm\\fixed_wing_windows_exe\\swarm_tasks\\Examples\\basic_tasks\\venv\\lib\\site-packages\\PyInstaller\\hooks\\pre_find_module_path'
48117 INFO: TclTkInfo: initializing cached Tcl/Tk info...
48613 INFO: Processing standard module hook 'hook-_tkinter.py' from 'C:\\Users\\Joel\\Desktop\\Fixedwing-Swarm\\fixed_wing_windows_exe\\swarm_tasks\\Examples\\basic_tasks\\venv\\lib\\site-packages\\PyInstaller\\hooks'
49077 INFO: Processing standard module hook 'hook-PIL.SpiderImagePlugin.py' from 'C:\\Users\\Joel\\Desktop\\Fixedwing-Swarm\\fixed_wing_windows_exe\\swarm_tasks\\Examples\\basic_tasks\\venv\\lib\\site-packages\\PyInstaller\\hooks'
49159 INFO: Processing standard module hook 'hook-_tkinter.py' from 'C:\\Users\\Joel\\Desktop\\Fixedwing-Swarm\\fixed_wing_windows_exe\\swarm_tasks\\Examples\\basic_tasks\\venv\\lib\\site-packages\\PyInstaller\\hooks'
49207 INFO: Performing binary vs. data reclassification (2227 entries)
49464 INFO: Looking for ctypes DLLs
49582 INFO: Analyzing run-time hooks ...
49596 INFO: Including run-time hook 'pyi_rth_inspect.py' from 'C:\\Users\\Joel\\Desktop\\Fixedwing-Swarm\\fixed_wing_windows_exe\\swarm_tasks\\Examples\\basic_tasks\\venv\\lib\\site-packages\\PyInstaller\\hooks\\rthooks'
49599 INFO: Including run-time hook 'pyi_rth_pkgutil.py' from 'C:\\Users\\Joel\\Desktop\\Fixedwing-Swarm\\fixed_wing_windows_exe\\swarm_tasks\\Examples\\basic_tasks\\venv\\lib\\site-packages\\PyInstaller\\hooks\\rthooks'
49603 INFO: Including run-time hook 'pyi_rth_multiprocessing.py' from 'C:\\Users\\Joel\\Desktop\\Fixedwing-Swarm\\fixed_wing_windows_exe\\swarm_tasks\\Examples\\basic_tasks\\venv\\lib\\site-packages\\PyInstaller\\hooks\\rthooks'
49605 INFO: Including run-time hook 'pyi_rth__tkinter.py' from 'C:\\Users\\Joel\\Desktop\\Fixedwing-Swarm\\fixed_wing_windows_exe\\swarm_tasks\\Examples\\basic_tasks\\venv\\lib\\site-packages\\PyInstaller\\hooks\\rthooks'
49606 INFO: Including run-time hook 'pyi_rth_mplconfig.py' from 'C:\\Users\\Joel\\Desktop\\Fixedwing-Swarm\\fixed_wing_windows_exe\\swarm_tasks\\Examples\\basic_tasks\\venv\\lib\\site-packages\\PyInstaller\\hooks\\rthooks'
49608 INFO: Processing pre-find-module-path hook 'hook-_pyi_rth_utils.py' from 'C:\\Users\\Joel\\Desktop\\Fixedwing-Swarm\\fixed_wing_windows_exe\\swarm_tasks\\Examples\\basic_tasks\\venv\\lib\\site-packages\\PyInstaller\\hooks\\pre_find_module_path'
49610 INFO: Processing standard module hook 'hook-_pyi_rth_utils.py' from 'C:\\Users\\Joel\\Desktop\\Fixedwing-Swarm\\fixed_wing_windows_exe\\swarm_tasks\\Examples\\basic_tasks\\venv\\lib\\site-packages\\PyInstaller\\hooks'
49614 INFO: Including run-time hook 'pyi_rth_pywintypes.py' from 'C:\\Users\\Joel\\Desktop\\Fixedwing-Swarm\\fixed_wing_windows_exe\\swarm_tasks\\Examples\\basic_tasks\\venv\\lib\\site-packages\\_pyinstaller_hooks_contrib\\rthooks'
49621 INFO: Including run-time hook 'pyi_rth_pythoncom.py' from 'C:\\Users\\Joel\\Desktop\\Fixedwing-Swarm\\fixed_wing_windows_exe\\swarm_tasks\\Examples\\basic_tasks\\venv\\lib\\site-packages\\_pyinstaller_hooks_contrib\\rthooks'
49746 INFO: Creating base_library.zip...
49786 INFO: Looking for dynamic libraries
C:\Users\Joel\Desktop\Fixedwing-Swarm\fixed_wing_windows_exe\swarm_tasks\Examples\basic_tasks\venv\lib\site-packages\PyInstaller\building\build_main.py:227: UserWarning: The numpy.array_api submodule is still experimental. See NEP 47.
  __import__(package)
51806 INFO: Extra DLL search directories (AddDllDirectory): ['C:\\Users\\Joel\\Desktop\\Fixedwing-Swarm\\fixed_wing_windows_exe\\swarm_tasks\\Examples\\basic_tasks\\venv\\lib\\site-packages\\shapely.libs', 'C:\\Users\\Joel\\Desktop\\Fixedwing-Swarm\\fixed_wing_windows_exe\\swarm_tasks\\Examples\\basic_tasks\\venv\\lib\\site-packages\\numpy\\.libs', 'C:\\Users\\Joel\\Desktop\\Fixedwing-Swarm\\fixed_wing_windows_exe\\swarm_tasks\\Examples\\basic_tasks\\venv\\lib\\site-packages\\matplotlib.libs', 'C:\\Users\\Joel\\Desktop\\Fixedwing-Swarm\\fixed_wing_windows_exe\\swarm_tasks\\Examples\\basic_tasks\\venv\\lib\\site-packages\\scipy.libs']
51819 INFO: Extra DLL search directories (PATH): []
54069 INFO: Warnings written to C:\Users\Joel\Desktop\Fixedwing-Swarm\fixed_wing_windows_exe\build\vtol_demo\warn-vtol_demo.txt
54360 INFO: Graph cross-reference written to C:\Users\Joel\Desktop\Fixedwing-Swarm\fixed_wing_windows_exe\build\vtol_demo\xref-vtol_demo.html
54532 INFO: checking PYZ
54532 INFO: Building PYZ because PYZ-00.toc is non existent
54532 INFO: Building PYZ (ZlibArchive) C:\Users\Joel\Desktop\Fixedwing-Swarm\fixed_wing_windows_exe\build\vtol_demo\PYZ-00.pyz
56616 INFO: Building PYZ (ZlibArchive) C:\Users\Joel\Desktop\Fixedwing-Swarm\fixed_wing_windows_exe\build\vtol_demo\PYZ-00.pyz completed successfully.
56739 INFO: checking PKG
56739 INFO: Building PKG because PKG-00.toc is non existent
56739 INFO: Building PKG (CArchive) vtol_demo.pkg
88204 INFO: Building PKG (CArchive) vtol_demo.pkg completed successfully.
88282 INFO: Bootloader C:\Users\Joel\Desktop\Fixedwing-Swarm\fixed_wing_windows_exe\swarm_tasks\Examples\basic_tasks\venv\lib\site-packages\PyInstaller\bootloader\Windows-64bit-intel\run.exe
88282 INFO: checking EXE
88282 INFO: Building EXE because EXE-00.toc is non existent
88282 INFO: Building EXE from EXE-00.toc
88299 INFO: Copying bootloader EXE to C:\Users\Joel\Desktop\Fixedwing-Swarm\fixed_wing_windows_exe\dist\vtol_demo.exe
88331 INFO: Copying icon to EXE
88347 INFO: Copying 0 resources to EXE
88347 INFO: Embedding manifest in EXE
88362 INFO: Appending PKG archive to EXE
88903 INFO: Fixing EXE headers
90545 INFO: Building EXE from EXE-00.toc completed successfully.
90604 INFO: Build complete! The results are available in: C:\Users\Joel\Desktop\Fixedwing-Swarm\fixed_wing_windows_exe\dist
